[INFO] Scanning for projects...
[INFO] 
[INFO] -------------------------< com.example:Rocket >-------------------------
[INFO] Building  0.0.1-SNAPSHOT
[INFO]   from pom.xml
[INFO] --------------------------------[ jar ]---------------------------------
[INFO] 
[INFO] >>> spring-boot:4.1.1:run (default-cli) > test-compile @ Rocket >>>
[INFO] 
[INFO] --- resources:3.5.0:resources (default-resources) @ Rocket ---
[INFO] Copying 1 resource from src\main\resources to target\classes
[INFO] Copying 0 resource from src\main\resources to target\classes
[INFO] 
[INFO] --- compiler:3.15.0:compile (default-compile) @ Rocket ---
[INFO] Nothing to compile - all classes are up to date.
[INFO] 
[INFO] --- resources:3.5.0:testResources (default-testResources) @ Rocket ---
[INFO] skip non existing resourceDirectory J:\Rocket-GCC\Rocket_GCC\Rocket\src\test\resources
[INFO] 
[INFO] --- compiler:3.15.0:testCompile (default-testCompile) @ Rocket ---
[INFO] Nothing to compile - all classes are up to date.
[INFO] 
[INFO] <<< spring-boot:4.1.1:run (default-cli) < test-compile @ Rocket <<<
[INFO] 
[INFO] 
[INFO] --- spring-boot:4.1.1:run (default-cli) @ Rocket ---
[INFO] Attaching agents: []

  .   ____          _            __ _ _
 /\\ / ___'_ __ _ _(_)_ __  __ _ \ \ \ \
( ( )\___ | '_ | '_| | '_ \/ _` | \ \ \ \
 \\/  ___)| |_)| | | | | || (_| |  ) ) ) )
  '  |____| .__|_| |_|_| |_\__, | / / / /
 =========|_|==============|___/=/_/_/_/

 :: Spring Boot ::                (v4.1.1)

2026-09-16T13:11:38.748+05:30  INFO 14372 --- [Rocket] [           main] com.example.Rocket.RocketApplication     : Starting RocketApplication using Java 21.0.11 with PID 14372 (J:\Rocket-GCC\Rocket_GCC\Rocket\target\classes started by samak in J:\Rocket-GCC\Rocket_GCC\Rocket)
2026-09-16T13:11:38.755+05:30  INFO 14372 --- [Rocket] [           main] com.example.Rocket.RocketApplication     : No active profile set, falling back to 1 default profile: "default"
2026-09-16T13:11:39.952+05:30  INFO 14372 --- [Rocket] [           main] .s.d.r.c.RepositoryConfigurationDelegate : Multiple Spring Data modules found, entering strict repository configuration mode
2026-09-16T13:11:39.956+05:30  INFO 14372 --- [Rocket] [           main] .s.d.r.c.RepositoryConfigurationDelegate : Bootstrapping Spring Data JDBC repositories in DEFAULT mode.
2026-09-16T13:11:40.019+05:30  INFO 14372 --- [Rocket] [           main] .RepositoryConfigurationExtensionSupport : Spring Data JDBC - Could not safely identify store assignment for repository candidate interface com.example.Rocket.repository.BookingRepository; If you want this repository to be a JDBC repository, consider annotating your entities with one of these annotations: org.springframework.data.relational.core.mapping.Table.
2026-09-16T13:11:40.022+05:30  INFO 14372 --- [Rocket] [           main] .RepositoryConfigurationExtensionSupport : Spring Data JDBC - Could not safely identify store assignment for repository candidate interface com.example.Rocket.repository.EventRepository; If you want this repository to be a JDBC repository, consider annotating your entities with one of these annotations: org.springframework.data.relational.core.mapping.Table.
2026-09-16T13:11:40.027+05:30  INFO 14372 --- [Rocket] [           main] .RepositoryConfigurationExtensionSupport : Spring Data JDBC - Could not safely identify store assignment for repository candidate interface com.example.Rocket.repository.UserRepository; If you want this repository to be a JDBC repository, consider annotating your entities with one of these annotations: org.springframework.data.relational.core.mapping.Table.
2026-09-16T13:11:40.029+05:30  INFO 14372 --- [Rocket] [           main] .s.d.r.c.RepositoryConfigurationDelegate : Finished Spring Data repository scanning in 62 ms. Found 0 JDBC repository interfaces.
2026-09-16T13:11:40.051+05:30  INFO 14372 --- [Rocket] [           main] .s.d.r.c.RepositoryConfigurationDelegate : Multiple Spring Data modules found, entering strict repository configuration mode
2026-09-16T13:11:40.054+05:30  INFO 14372 --- [Rocket] [           main] .s.d.r.c.RepositoryConfigurationDelegate : Bootstrapping Spring Data JPA repositories in DEFAULT mode.
2026-09-16T13:11:40.113+05:30  INFO 14372 --- [Rocket] [           main] .s.d.r.c.RepositoryConfigurationDelegate : Finished Spring Data repository scanning in 50 ms. Found 3 JPA repository interfaces.
2026-09-16T13:11:41.127+05:30  INFO 14372 --- [Rocket] [           main] o.s.boot.tomcat.TomcatWebServer          : Tomcat initialized with port 8081 (http)
2026-09-16T13:11:41.158+05:30  INFO 14372 --- [Rocket] [           main] o.apache.catalina.core.StandardService   : Starting service [Tomcat]
2026-09-16T13:11:41.159+05:30  INFO 14372 --- [Rocket] [           main] o.apache.catalina.core.StandardEngine    : Starting Servlet engine: [Apache Tomcat/11.0.24]
2026-09-16T13:11:41.297+05:30  INFO 14372 --- [Rocket] [           main] b.w.c.s.WebApplicationContextInitializer : Root WebApplicationContext: initialization completed in 2454 ms
2026-09-16T13:11:41.624+05:30  INFO 14372 --- [Rocket] [           main] org.hibernate.orm.jpa                    : HHH008540: Processing PersistenceUnitInfo [name: default]
2026-09-16T13:11:41.775+05:30  INFO 14372 --- [Rocket] [           main] org.hibernate.orm.core                   : HHH000001: Hibernate ORM core version 7.4.5.Final
2026-09-16T13:11:42.654+05:30  INFO 14372 --- [Rocket] [           main] o.s.o.j.p.SpringPersistenceUnitInfo      : No LoadTimeWeaver setup: ignoring JPA class transformer
2026-09-16T13:11:42.724+05:30  INFO 14372 --- [Rocket] [           main] com.zaxxer.hikari.HikariDataSource       : HikariPool-1 - Starting...
2026-09-16T13:11:43.096+05:30  INFO 14372 --- [Rocket] [           main] com.zaxxer.hikari.pool.HikariPool        : HikariPool-1 - Added connection conn0: url=jdbc:h2:mem:eventdb user=SA
2026-09-16T13:11:43.099+05:30  INFO 14372 --- [Rocket] [           main] com.zaxxer.hikari.HikariDataSource       : HikariPool-1 - Start completed.
2026-09-16T13:11:43.225+05:30  INFO 14372 --- [Rocket] [           main] org.hibernate.orm.connections.pooling    : HHH10001005: Database info:
	Database JDBC URL [jdbc:h2:mem:eventdb]
	Database driver: H2 JDBC Driver
	Database dialect: H2Dialect
	Database version: 2.4.240
	Default catalog/schema: EVENTDB/PUBLIC
	Autocommit mode: undefined/unknown
	Isolation level: READ_COMMITTED [default READ_COMMITTED]
	JDBC fetch size: 100
	Pool: DataSourceConnectionProvider
	Minimum pool size: undefined/unknown
	Maximum pool size: undefined/unknown
2026-09-16T13:11:45.090+05:30  INFO 14372 --- [Rocket] [           main] org.hibernate.orm.core                   : HHH000489: No JTA platform available (set 'hibernate.transaction.jta.platform' to enable JTA platform integration)
Hibernate: drop table if exists app_user cascade 
Hibernate: drop table if exists booking cascade 
Hibernate: drop table if exists event cascade 
Hibernate: create table app_user (id bigint generated by default as identity, email varchar(255), name varchar(255), role enum ('ORGANIZER','STUDENT'), primary key (id))
Hibernate: create table booking (checked_in_at timestamp(6), event_id bigint, id bigint generated by default as identity, registered_at timestamp(6), student_id bigint, status enum ('ABSENT','CANCELLED','CHECKED_IN','REGISTERED'), primary key (id))
Hibernate: create table event (end_time time(0), event_date date, maximum_capacity integer, start_time time(0), id bigint generated by default as identity, organizer_id bigint, event_name varchar(255), status enum ('CLOSED','OPEN'), primary key (id))
Hibernate: alter table if exists booking add constraint FKiy2tdi4vrw2mljj6rqwmd698q foreign key (event_id) references event
Hibernate: alter table if exists booking add constraint FKsws8t7utrkrgc5txcq3fpo16g foreign key (student_id) references app_user
Hibernate: alter table if exists event add constraint FKofis72wvtavw7yxwafrw307u1 foreign key (organizer_id) references app_user
2026-09-16T13:11:45.203+05:30  INFO 14372 --- [Rocket] [           main] j.LocalContainerEntityManagerFactoryBean : Initialized JPA EntityManagerFactory for persistence unit 'default'
2026-09-16T13:11:45.348+05:30  INFO 14372 --- [Rocket] [           main] o.s.d.j.r.query.QueryEnhancerFactories   : Hibernate is in classpath; If applicable, HQL parser will be used.
2026-09-16T13:11:47.168+05:30  WARN 14372 --- [Rocket] [           main] JpaBaseConfiguration$JpaWebConfiguration : spring.jpa.open-in-view is enabled by default. Therefore, database queries may be performed during view rendering. Explicitly configure spring.jpa.open-in-view to disable this warning
2026-09-16T13:11:47.892+05:30  INFO 14372 --- [Rocket] [           main] o.s.boot.tomcat.TomcatWebServer          : Tomcat started on port 8081 (http) with context path '/'
2026-09-16T13:11:47.901+05:30  INFO 14372 --- [Rocket] [           main] com.example.Rocket.RocketApplication     : Started RocketApplication in 10.076 seconds (process running for 10.836)
2026-09-16T13:12:03.048+05:30  INFO 14372 --- [Rocket] [nio-8081-exec-1] o.a.c.c.C.[Tomcat].[localhost].[/]       : Initializing Spring DispatcherServlet 'dispatcherServlet'
2026-09-16T13:12:03.050+05:30  INFO 14372 --- [Rocket] [nio-8081-exec-1] o.s.web.servlet.DispatcherServlet        : Initializing Servlet 'dispatcherServlet'
2026-09-16T13:12:03.053+05:30  INFO 14372 --- [Rocket] [nio-8081-exec-1] o.s.web.servlet.DispatcherServlet        : Completed initialization in 2 ms
Hibernate: insert into app_user (email,name,role,id) values (?,?,?,default)
Hibernate: insert into app_user (email,name,role,id) values (?,?,?,default)
Hibernate: select u1_0.id,u1_0.email,u1_0.name,u1_0.role from app_user u1_0 where u1_0.id=?
Hibernate: insert into event (end_time,event_date,event_name,maximum_capacity,organizer_id,start_time,status,id) values (?,?,?,?,?,?,?,default)
Hibernate: select u1_0.id,u1_0.email,u1_0.name,u1_0.role from app_user u1_0 where u1_0.id=?
Hibernate: insert into event (end_time,event_date,event_name,maximum_capacity,organizer_id,start_time,status,id) values (?,?,?,?,?,?,?,default)
Hibernate: select u1_0.id,u1_0.email,u1_0.name,u1_0.role from app_user u1_0 where u1_0.id=?
Hibernate: insert into event (end_time,event_date,event_name,maximum_capacity,organizer_id,start_time,status,id) values (?,?,?,?,?,?,?,default)
Hibernate: select e1_0.id,e1_0.end_time,e1_0.event_date,e1_0.event_name,e1_0.maximum_capacity,o1_0.id,o1_0.email,o1_0.name,o1_0.role,e1_0.start_time,e1_0.status from event e1_0 left join app_user o1_0 on o1_0.id=e1_0.organizer_id where e1_0.id=?
Hibernate: select u1_0.id,u1_0.email,u1_0.name,u1_0.role from app_user u1_0 where u1_0.id=?
Hibernate: select b1_0.id,b1_0.checked_in_at,b1_0.event_id,b1_0.registered_at,b1_0.status,b1_0.student_id from booking b1_0 where b1_0.student_id=? and b1_0.event_id=?
Hibernate: select b1_0.id,b1_0.checked_in_at,b1_0.event_id,b1_0.registered_at,b1_0.status,b1_0.student_id from booking b1_0 where b1_0.student_id=?
Hibernate: select count(b1_0.id) from booking b1_0 where b1_0.event_id=? and b1_0.status in (?,?)
Hibernate: insert into booking (checked_in_at,event_id,registered_at,status,student_id,id) values (?,?,?,?,?,default)
Hibernate: select e1_0.id,e1_0.end_time,e1_0.event_date,e1_0.event_name,e1_0.maximum_capacity,o1_0.id,o1_0.email,o1_0.name,o1_0.role,e1_0.start_time,e1_0.status from event e1_0 left join app_user o1_0 on o1_0.id=e1_0.organizer_id where e1_0.id=?
Hibernate: select u1_0.id,u1_0.email,u1_0.name,u1_0.role from app_user u1_0 where u1_0.id=?
Hibernate: select b1_0.id,b1_0.checked_in_at,b1_0.event_id,b1_0.registered_at,b1_0.status,b1_0.student_id from booking b1_0 where b1_0.student_id=? and b1_0.event_id=?
Hibernate: select b1_0.id,b1_0.checked_in_at,b1_0.event_id,b1_0.registered_at,b1_0.status,b1_0.student_id from booking b1_0 where b1_0.student_id=?
Hibernate: select e1_0.id,e1_0.end_time,e1_0.event_date,e1_0.event_name,e1_0.maximum_capacity,o1_0.id,o1_0.email,o1_0.name,o1_0.role,e1_0.start_time,e1_0.status from event e1_0 left join app_user o1_0 on o1_0.id=e1_0.organizer_id where e1_0.id=?
Hibernate: select e1_0.id,e1_0.end_time,e1_0.event_date,e1_0.event_name,e1_0.maximum_capacity,o1_0.id,o1_0.email,o1_0.name,o1_0.role,e1_0.start_time,e1_0.status from event e1_0 left join app_user o1_0 on o1_0.id=e1_0.organizer_id where e1_0.id=?
Hibernate: select u1_0.id,u1_0.email,u1_0.name,u1_0.role from app_user u1_0 where u1_0.id=?
Hibernate: select b1_0.id,b1_0.checked_in_at,b1_0.event_id,b1_0.registered_at,b1_0.status,b1_0.student_id from booking b1_0 where b1_0.student_id=? and b1_0.event_id=?
Hibernate: select b1_0.id,b1_0.checked_in_at,b1_0.event_id,b1_0.registered_at,b1_0.status,b1_0.student_id from booking b1_0 where b1_0.student_id=?
Hibernate: select e1_0.id,e1_0.end_time,e1_0.event_date,e1_0.event_name,e1_0.maximum_capacity,o1_0.id,o1_0.email,o1_0.name,o1_0.role,e1_0.start_time,e1_0.status from event e1_0 left join app_user o1_0 on o1_0.id=e1_0.organizer_id where e1_0.id=?
Hibernate: select count(b1_0.id) from booking b1_0 where b1_0.event_id=? and b1_0.status in (?,?)
Hibernate: insert into booking (checked_in_at,event_id,registered_at,status,student_id,id) values (?,?,?,?,?,default)
Hibernate: select u1_0.id,u1_0.email,u1_0.name,u1_0.role from app_user u1_0
Hibernate: select u1_0.id,u1_0.email,u1_0.name,u1_0.role from app_user u1_0
Hibernate: select e1_0.id,e1_0.end_time,e1_0.event_date,e1_0.event_name,e1_0.maximum_capacity,e1_0.organizer_id,e1_0.start_time,e1_0.status from event e1_0
Hibernate: select u1_0.id,u1_0.email,u1_0.name,u1_0.role from app_user u1_0 where u1_0.id=?
Hibernate: select u1_0.id,u1_0.email,u1_0.name,u1_0.role from app_user u1_0 where u1_0.id=?
Hibernate: select e1_0.id,e1_0.end_time,e1_0.event_date,e1_0.event_name,e1_0.maximum_capacity,e1_0.organizer_id,e1_0.start_time,e1_0.status from event e1_0
Hibernate: select u1_0.id,u1_0.email,u1_0.name,u1_0.role from app_user u1_0 where u1_0.id=?
Hibernate: select e1_0.event_name,count(b1_0.id) from event e1_0 left join booking b1_0 on b1_0.event_id=e1_0.id and b1_0.status in ('REGISTERED','CHECKED_IN') group by e1_0.id,e1_0.event_name order by count(b1_0.id) desc
Hibernate: select u1_0.id,u1_0.email,u1_0.name,u1_0.role from app_user u1_0 where u1_0.id=?
Hibernate: select e1_0.event_name,count(b1_0.id) from event e1_0 left join booking b1_0 on b1_0.event_id=e1_0.id and b1_0.status in ('REGISTERED','CHECKED_IN') group by e1_0.id,e1_0.event_name order by count(b1_0.id) desc
Hibernate: select u1_0.id,u1_0.email,u1_0.name,u1_0.role from app_user u1_0 where u1_0.id=?
Hibernate: select e1_0.id,e1_0.end_time,e1_0.event_date,e1_0.event_name,e1_0.maximum_capacity,o1_0.id,o1_0.email,o1_0.name,o1_0.role,e1_0.start_time,e1_0.status from event e1_0 left join app_user o1_0 on o1_0.id=e1_0.organizer_id where e1_0.id=?
Hibernate: select count(b1_0.id) from booking b1_0 where b1_0.event_id=? and b1_0.status in (?,?)
Hibernate: select count(b1_0.id) from booking b1_0 where b1_0.event_id=? and b1_0.status=?
Hibernate: select u1_0.id,u1_0.email,u1_0.name,u1_0.role from app_user u1_0
Hibernate: select u1_0.id,u1_0.email,u1_0.name,u1_0.role from app_user u1_0
Hibernate: select e1_0.id,e1_0.end_time,e1_0.event_date,e1_0.event_name,e1_0.maximum_capacity,e1_0.organizer_id,e1_0.start_time,e1_0.status from event e1_0
Hibernate: select u1_0.id,u1_0.email,u1_0.name,u1_0.role from app_user u1_0 where u1_0.id=?
Hibernate: select u1_0.id,u1_0.email,u1_0.name,u1_0.role from app_user u1_0 where u1_0.id=?
Hibernate: select e1_0.event_name,count(b1_0.id) from event e1_0 left join booking b1_0 on b1_0.event_id=e1_0.id and b1_0.status in ('REGISTERED','CHECKED_IN') group by e1_0.id,e1_0.event_name order by count(b1_0.id) desc
Hibernate: select u1_0.id,u1_0.email,u1_0.name,u1_0.role from app_user u1_0 where u1_0.id=?
Hibernate: select e1_0.id,e1_0.end_time,e1_0.event_date,e1_0.event_name,e1_0.maximum_capacity,e1_0.organizer_id,e1_0.start_time,e1_0.status from event e1_0
Hibernate: select e1_0.event_name,count(b1_0.id) from event e1_0 left join booking b1_0 on b1_0.event_id=e1_0.id and b1_0.status in ('REGISTERED','CHECKED_IN') group by e1_0.id,e1_0.event_name order by count(b1_0.id) desc
Hibernate: select u1_0.id,u1_0.email,u1_0.name,u1_0.role from app_user u1_0 where u1_0.id=?
Hibernate: select u1_0.id,u1_0.email,u1_0.name,u1_0.role from app_user u1_0 where u1_0.id=?
Hibernate: insert into event (end_time,event_date,event_name,maximum_capacity,organizer_id,start_time,status,id) values (?,?,?,?,?,?,?,default)
Hibernate: select e1_0.id,e1_0.end_time,e1_0.event_date,e1_0.event_name,e1_0.maximum_capacity,o1_0.id,o1_0.email,o1_0.name,o1_0.role,e1_0.start_time,e1_0.status from event e1_0 left join app_user o1_0 on o1_0.id=e1_0.organizer_id where e1_0.id=?
Hibernate: select u1_0.id,u1_0.email,u1_0.name,u1_0.role from app_user u1_0 where u1_0.id=?
Hibernate: select b1_0.id,b1_0.checked_in_at,b1_0.event_id,b1_0.registered_at,b1_0.status,b1_0.student_id from booking b1_0 where b1_0.student_id=? and b1_0.event_id=?
Hibernate: select b1_0.id,b1_0.checked_in_at,b1_0.event_id,b1_0.registered_at,b1_0.status,b1_0.student_id from booking b1_0 where b1_0.student_id=?
Hibernate: select e1_0.id,e1_0.end_time,e1_0.event_date,e1_0.event_name,e1_0.maximum_capacity,o1_0.id,o1_0.email,o1_0.name,o1_0.role,e1_0.start_time,e1_0.status from event e1_0 left join app_user o1_0 on o1_0.id=e1_0.organizer_id where e1_0.id=?
Hibernate: select e1_0.id,e1_0.end_time,e1_0.event_date,e1_0.event_name,e1_0.maximum_capacity,o1_0.id,o1_0.email,o1_0.name,o1_0.role,e1_0.start_time,e1_0.status from event e1_0 left join app_user o1_0 on o1_0.id=e1_0.organizer_id where e1_0.id=?
Hibernate: select count(b1_0.id) from booking b1_0 where b1_0.event_id=? and b1_0.status in (?,?)
Hibernate: insert into booking (checked_in_at,event_id,registered_at,status,student_id,id) values (?,?,?,?,?,default)
Hibernate: select u1_0.id,u1_0.email,u1_0.name,u1_0.role from app_user u1_0 where u1_0.id=?
Hibernate: select u1_0.id,u1_0.email,u1_0.name,u1_0.role from app_user u1_0
Hibernate: select u1_0.id,u1_0.email,u1_0.name,u1_0.role from app_user u1_0
Hibernate: select u1_0.id,u1_0.email,u1_0.name,u1_0.role from app_user u1_0 where u1_0.id=?
Hibernate: select e1_0.id,e1_0.end_time,e1_0.event_date,e1_0.event_name,e1_0.maximum_capacity,e1_0.organizer_id,e1_0.start_time,e1_0.status from event e1_0
Hibernate: select e1_0.event_name,count(b1_0.id) from event e1_0 left join booking b1_0 on b1_0.event_id=e1_0.id and b1_0.status in ('REGISTERED','CHECKED_IN') group by e1_0.id,e1_0.event_name order by count(b1_0.id) desc
Hibernate: select u1_0.id,u1_0.email,u1_0.name,u1_0.role from app_user u1_0 where u1_0.id=?
Hibernate: select u1_0.id,u1_0.email,u1_0.name,u1_0.role from app_user u1_0 where u1_0.id=?
Hibernate: select e1_0.id,e1_0.end_time,e1_0.event_date,e1_0.event_name,e1_0.maximum_capacity,e1_0.organizer_id,e1_0.start_time,e1_0.status from event e1_0
Hibernate: select e1_0.event_name,count(b1_0.id) from event e1_0 left join booking b1_0 on b1_0.event_id=e1_0.id and b1_0.status in ('REGISTERED','CHECKED_IN') group by e1_0.id,e1_0.event_name order by count(b1_0.id) desc
Hibernate: select u1_0.id,u1_0.email,u1_0.name,u1_0.role from app_user u1_0 where u1_0.id=?
Hibernate: select u1_0.id,u1_0.email,u1_0.name,u1_0.role from app_user u1_0
Hibernate: select u1_0.id,u1_0.email,u1_0.name,u1_0.role from app_user u1_0
Hibernate: select u1_0.id,u1_0.email,u1_0.name,u1_0.role from app_user u1_0 where u1_0.id=?
Hibernate: select e1_0.id,e1_0.end_time,e1_0.event_date,e1_0.event_name,e1_0.maximum_capacity,e1_0.organizer_id,e1_0.start_time,e1_0.status from event e1_0
Hibernate: select u1_0.id,u1_0.email,u1_0.name,u1_0.role from app_user u1_0 where u1_0.id=?
Hibernate: select e1_0.event_name,count(b1_0.id) from event e1_0 left join booking b1_0 on b1_0.event_id=e1_0.id and b1_0.status in ('REGISTERED','CHECKED_IN') group by e1_0.id,e1_0.event_name order by count(b1_0.id) desc
Hibernate: select u1_0.id,u1_0.email,u1_0.name,u1_0.role from app_user u1_0 where u1_0.id=?
Hibernate: select e1_0.event_name,count(b1_0.id) from event e1_0 left join booking b1_0 on b1_0.event_id=e1_0.id and b1_0.status in ('REGISTERED','CHECKED_IN') group by e1_0.id,e1_0.event_name order by count(b1_0.id) desc
Hibernate: select e1_0.id,e1_0.end_time,e1_0.event_date,e1_0.event_name,e1_0.maximum_capacity,e1_0.organizer_id,e1_0.start_time,e1_0.status from event e1_0
Hibernate: select u1_0.id,u1_0.email,u1_0.name,u1_0.role from app_user u1_0 where u1_0.id=?
Hibernate: select e1_0.id,e1_0.end_time,e1_0.event_date,e1_0.event_name,e1_0.maximum_capacity,e1_0.organizer_id,e1_0.start_time,e1_0.status from event e1_0
Hibernate: select u1_0.id,u1_0.email,u1_0.name,u1_0.role from app_user u1_0 where u1_0.id=?
Hibernate: select u1_0.id,u1_0.email,u1_0.name,u1_0.role from app_user u1_0 where u1_0.id=?
Hibernate: select e1_0.event_name,count(b1_0.id) from event e1_0 left join booking b1_0 on b1_0.event_id=e1_0.id and b1_0.status in ('REGISTERED','CHECKED_IN') group by e1_0.id,e1_0.event_name order by count(b1_0.id) desc
Hibernate: select u1_0.id,u1_0.email,u1_0.name,u1_0.role from app_user u1_0 where u1_0.id=?
Hibernate: select e1_0.id,e1_0.end_time,e1_0.event_date,e1_0.event_name,e1_0.maximum_capacity,e1_0.organizer_id,e1_0.start_time,e1_0.status from event e1_0
Hibernate: select e1_0.event_name,count(b1_0.id) from event e1_0 left join booking b1_0 on b1_0.event_id=e1_0.id and b1_0.status in ('REGISTERED','CHECKED_IN') group by e1_0.id,e1_0.event_name order by count(b1_0.id) desc
Hibernate: select u1_0.id,u1_0.email,u1_0.name,u1_0.role from app_user u1_0 where u1_0.id=?
Hibernate: select u1_0.id,u1_0.email,u1_0.name,u1_0.role from app_user u1_0
Hibernate: select u1_0.id,u1_0.email,u1_0.name,u1_0.role from app_user u1_0
Hibernate: select u1_0.id,u1_0.email,u1_0.name,u1_0.role from app_user u1_0 where u1_0.id=?
Hibernate: select e1_0.id,e1_0.end_time,e1_0.event_date,e1_0.event_name,e1_0.maximum_capacity,e1_0.organizer_id,e1_0.start_time,e1_0.status from event e1_0
Hibernate: select u1_0.id,u1_0.email,u1_0.name,u1_0.role from app_user u1_0 where u1_0.id=?
Hibernate: select e1_0.event_name,count(b1_0.id) from event e1_0 left join booking b1_0 on b1_0.event_id=e1_0.id and b1_0.status in ('REGISTERED','CHECKED_IN') group by e1_0.id,e1_0.event_name order by count(b1_0.id) desc
Hibernate: select u1_0.id,u1_0.email,u1_0.name,u1_0.role from app_user u1_0 where u1_0.id=?
Hibernate: select e1_0.id,e1_0.end_time,e1_0.event_date,e1_0.event_name,e1_0.maximum_capacity,e1_0.organizer_id,e1_0.start_time,e1_0.status from event e1_0
Hibernate: select e1_0.event_name,count(b1_0.id) from event e1_0 left join booking b1_0 on b1_0.event_id=e1_0.id and b1_0.status in ('REGISTERED','CHECKED_IN') group by e1_0.id,e1_0.event_name order by count(b1_0.id) desc
Hibernate: select u1_0.id,u1_0.email,u1_0.name,u1_0.role from app_user u1_0 where u1_0.id=?
